###############################################################################
#                                                                             #
# IAR ELF Linker V6.30.1.53127/W32 for ARM              14/Feb/2013  21:19:54 #
# Copyright 2007-2011 IAR Systems AB.                                         #
#                                                                             #
#    Output file  =  G:\IAR\fire_Kinetis\build\fire_demo\fire_debug\Exe\fire_ #
#                    gpio_demo.out                                            #
#    Map file     =  G:\IAR\fire_Kinetis\build\fire_demo\fire_debug\List\fire #
#                    _gpio_demo.map                                           #
#    Command line =  G:\IAR\fire_Kinetis\build\fire_demo\fire_debug\Obj\BSP.o #
#                     G:\IAR\fire_Kinetis\build\fire_demo\fire_debug\Obj\LED. #
#                    o G:\IAR\fire_Kinetis\build\fire_demo\fire_debug\Obj\adc #
#                    .o G:\IAR\fire_Kinetis\build\fire_demo\fire_debug\Obj\al #
#                    loc.o G:\IAR\fire_Kinetis\build\fire_demo\fire_debug\Obj #
#                    \app.o G:\IAR\fire_Kinetis\build\fire_demo\fire_debug\Ob #
#                    j\app_hooks.o G:\IAR\fire_Kinetis\build\fire_demo\fire_d #
#                    ebug\Obj\arm_cm4.o G:\IAR\fire_Kinetis\build\fire_demo\f #
#                    ire_debug\Obj\assert.o G:\IAR\fire_Kinetis\build\fire_de #
#                    mo\fire_debug\Obj\crt0.o G:\IAR\fire_Kinetis\build\fire_ #
#                    demo\fire_debug\Obj\delay.o                              #
#                    G:\IAR\fire_Kinetis\build\fire_demo\fire_debug\Obj\exti. #
#                    o G:\IAR\fire_Kinetis\build\fire_demo\fire_debug\Obj\gpi #
#                    o.o G:\IAR\fire_Kinetis\build\fire_demo\fire_debug\Obj\i #
#                    o.o G:\IAR\fire_Kinetis\build\fire_demo\fire_debug\Obj\i #
#                    sr.o G:\IAR\fire_Kinetis\build\fire_demo\fire_debug\Obj\ #
#                    lptmr.o G:\IAR\fire_Kinetis\build\fire_demo\fire_debug\O #
#                    bj\main.o G:\IAR\fire_Kinetis\build\fire_demo\fire_debug #
#                    \Obj\mcg.o G:\IAR\fire_Kinetis\build\fire_demo\fire_debu #
#                    g\Obj\memtest.o G:\IAR\fire_Kinetis\build\fire_demo\fire #
#                    _debug\Obj\os_core.o G:\IAR\fire_Kinetis\build\fire_demo #
#                    \fire_debug\Obj\os_cpu_a.o G:\IAR\fire_Kinetis\build\fir #
#                    e_demo\fire_debug\Obj\os_cpu_c.o                         #
#                    G:\IAR\fire_Kinetis\build\fire_demo\fire_debug\Obj\os_db #
#                    g.o G:\IAR\fire_Kinetis\build\fire_demo\fire_debug\Obj\o #
#                    s_flag.o G:\IAR\fire_Kinetis\build\fire_demo\fire_debug\ #
#                    Obj\os_mbox.o G:\IAR\fire_Kinetis\build\fire_demo\fire_d #
#                    ebug\Obj\os_mem.o G:\IAR\fire_Kinetis\build\fire_demo\fi #
#                    re_debug\Obj\os_mutex.o G:\IAR\fire_Kinetis\build\fire_d #
#                    emo\fire_debug\Obj\os_q.o G:\IAR\fire_Kinetis\build\fire #
#                    _demo\fire_debug\Obj\os_sem.o                            #
#                    G:\IAR\fire_Kinetis\build\fire_demo\fire_debug\Obj\os_ta #
#                    sk.o G:\IAR\fire_Kinetis\build\fire_demo\fire_debug\Obj\ #
#                    os_time.o G:\IAR\fire_Kinetis\build\fire_demo\fire_debug #
#                    \Obj\os_tmr.o G:\IAR\fire_Kinetis\build\fire_demo\fire_d #
#                    ebug\Obj\printf.o G:\IAR\fire_Kinetis\build\fire_demo\fi #
#                    re_debug\Obj\queue.o G:\IAR\fire_Kinetis\build\fire_demo #
#                    \fire_debug\Obj\start.o G:\IAR\fire_Kinetis\build\fire_d #
#                    emo\fire_debug\Obj\startup.o                             #
#                    G:\IAR\fire_Kinetis\build\fire_demo\fire_debug\Obj\stdli #
#                    b.o G:\IAR\fire_Kinetis\build\fire_demo\fire_debug\Obj\s #
#                    ysinit.o G:\IAR\fire_Kinetis\build\fire_demo\fire_debug\ #
#                    Obj\uart.o G:\IAR\fire_Kinetis\build\fire_demo\fire_debu #
#                    g\Obj\uif.o G:\IAR\fire_Kinetis\build\fire_demo\fire_deb #
#                    ug\Obj\vectors.o G:\IAR\fire_Kinetis\build\fire_demo\fir #
#                    e_debug\Obj\wdog.o -o G:\IAR\fire_Kinetis\build\fire_dem #
#                    o\fire_debug\Exe\fire_gpio_demo.out --map                #
#                    G:\IAR\fire_Kinetis\build\fire_demo\fire_debug\List\fire #
#                    _gpio_demo.map --config "G:\IAR\fire_Kinetis\build\fire_ #
#                    demo\..\config files\128KB_Ram.icf" --semihosting        #
#                    --entry __iar_program_start --vfe                        #
#                                                                             #
#                                                                             #
###############################################################################

*******************************************************************************
*** RUNTIME MODEL ATTRIBUTES
***

CppFlavor       = *
__SystemLibrary = DLib


*******************************************************************************
*** PLACEMENT SUMMARY
***

"A1":  place at 0x1fff0000 { ro section .intvec };
"A2":  place at 0x1fff0410 { ro section .noinit };
"P1":  place in [from 0x1fff0000 to 0x20010000] { ro, block CodeRelocate };
"P2":  place in [from 0x1fff0000 to 0x20010000] {
          rw, block CodeRelocateRam, block CSTACK, block HEAP };

  Section              Kind        Address    Size  Object
  -------              ----        -------    ----  ------
"A1":                                        0x410
  .intvec              const    0x1fff0000   0x410  vectors.o [1]
                              - 0x1fff0410   0x410

"A2":                                         0x3c
  .noinit              ro code  0x1fff0410    0x3c  crt0.o [1]
                              - 0x1fff044c    0x3c

"P1":                                       0x1c00
  .text                ro code  0x1fff044c   0x55c  printf.o [1]
  .text                ro code  0x1fff09a8    0x20  stdlib.o [1]
  .text                ro code  0x1fff09c8   0x520  start.o [1]
  .text                ro code  0x1fff0ee8    0x38  wdog.o [1]
  .text                ro code  0x1fff0f20    0xc0  startup.o [1]
  .text                ro code  0x1fff0fe0    0xa0  sysinit.o [1]
  .text                ro code  0x1fff1080    0x3c  main.o [1]
  .text                ro code  0x1fff10bc     0xc  arm_cm4.o [1]
  .text                ro code  0x1fff10c8   0x314  mcg.o [1]
  .text                ro code  0x1fff13dc   0x24c  uart.o [1]
  .text                ro code  0x1fff1628    0xf0  gpio.o [1]
  .text                ro code  0x1fff1718    0x48  lptmr.o [1]
  .text                ro code  0x1fff1760    0x20  assert.o [1]
  .text                ro code  0x1fff1780    0xc4  LED.o [1]
  .text                ro code  0x1fff1844    0x24  delay.o [1]
  .text                ro code  0x1fff1868    0xd0  isr.o [1]
  CodeRelocate                  0x1fff1938    0x50  <Block>
    Initializer bytes  ro data  0x1fff1938    0x50  <for CodeRelocateRam-1>
  .rodata              const    0x1fff1988    0x4c  assert.o [1]
  .rodata              const    0x1fff19d4    0x48  start.o [1]
  .data_init                    0x1fff1a1c    0x48  <Block>
    Initializer bytes  ro data  0x1fff1a1c    0x48  <for .data-1>
  .rodata              const    0x1fff1a64    0x40  start.o [1]
  .rodata              const    0x1fff1aa4    0x30  vectors.o [1]
  .rodata              const    0x1fff1ad4    0x2c  gpio.o [1]
  .rodata              const    0x1fff1b00    0x2c  start.o [1]
  .rodata              const    0x1fff1b2c    0x2c  uart.o [1]
  .text                ro code  0x1fff1b58    0x2c  data_init3.o [4]
  .rodata              const    0x1fff1b84    0x28  start.o [1]
  .rodata              const    0x1fff1bac    0x28  start.o [1]
  .text                ro code  0x1fff1bd4    0x22  zero_init3.o [4]
  .iar.init_table      const    0x1fff1bf8    0x10  - Linker created -
  .rodata              const    0x1fff1c08    0x20  isr.o [1]
  .rodata              const    0x1fff1c28    0x20  start.o [1]
  .rodata              const    0x1fff1c48    0x20  start.o [1]
  .rodata              const    0x1fff1c68    0x20  start.o [1]
  .rodata              const    0x1fff1c88    0x20  start.o [1]
  .rodata              const    0x1fff1ca8    0x20  start.o [1]
  .text                ro code  0x1fff1cc8    0x20  vectors.o [1]
  .rodata              const    0x1fff1ce8    0x1c  start.o [1]
  .rodata              const    0x1fff1d04    0x1c  start.o [1]
  .rodata              const    0x1fff1d20    0x1c  start.o [1]
  .rodata              const    0x1fff1d3c    0x18  start.o [1]
  .rodata              const    0x1fff1d54    0x18  start.o [1]
  .rodata              const    0x1fff1d6c    0x18  start.o [1]
  .rodata              const    0x1fff1d84    0x18  start.o [1]
  .rodata              const    0x1fff1d9c    0x18  start.o [1]
  .rodata              const    0x1fff1db4    0x18  start.o [1]
  .rodata              const    0x1fff1dcc    0x18  start.o [1]
  .rodata              const    0x1fff1de4    0x18  start.o [1]
  .text                ro code  0x1fff1dfc    0x16  cmain.o [4]
  .text                ro code  0x1fff1e12     0x4  low_level_init.o [3]
  .text                ro code  0x1fff1e16     0x4  exit.o [3]
  .text                ro code  0x1fff1e1c     0xa  cexit.o [4]
  .text                ro code  0x1fff1e28    0x14  exit.o [5]
  .rodata              const    0x1fff1e3c    0x14  isr.o [1]
  .rodata              const    0x1fff1e50    0x14  start.o [1]
  .rodata              const    0x1fff1e64    0x14  start.o [1]
  .rodata              const    0x1fff1e78    0x14  start.o [1]
  .rodata              const    0x1fff1e8c    0x14  start.o [1]
  .rodata              const    0x1fff1ea0    0x14  start.o [1]
  .rodata              const    0x1fff1eb4    0x14  start.o [1]
  .rodata              const    0x1fff1ec8    0x14  start.o [1]
  .rodata              const    0x1fff1edc    0x14  start.o [1]
  .rodata              const    0x1fff1ef0    0x10  start.o [1]
  .rodata              const    0x1fff1f00    0x10  start.o [1]
  .rodata              const    0x1fff1f10    0x10  start.o [1]
  .rodata              const    0x1fff1f20    0x10  start.o [1]
  .rodata              const    0x1fff1f30    0x10  start.o [1]
  .rodata              const    0x1fff1f40    0x10  start.o [1]
  .rodata              const    0x1fff1f50    0x10  start.o [1]
  .rodata              const    0x1fff1f60    0x10  start.o [1]
  .rodata              const    0x1fff1f70    0x10  start.o [1]
  .rodata              const    0x1fff1f80    0x10  start.o [1]
  .rodata              const    0x1fff1f90    0x10  start.o [1]
  .rodata              const    0x1fff1fa0    0x10  start.o [1]
  .rodata              const    0x1fff1fb0    0x10  start.o [1]
  .text                ro code  0x1fff1fc0    0x10  io.o [1]
  .rodata              const    0x1fff1fd0     0xc  start.o [1]
  .rodata              const    0x1fff1fdc     0xc  start.o [1]
  .rodata              const    0x1fff1fe8     0xc  start.o [1]
  .rodata              const    0x1fff1ff4     0xc  start.o [1]
  .text                ro code  0x1fff2000     0xc  cstartup_M.o [4]
  .rodata              const    0x1fff200c     0x8  start.o [1]
  .rodata              const    0x1fff2014     0x8  start.o [1]
  .rodata              const    0x1fff201c     0x8  start.o [1]
  .rodata              const    0x1fff2024     0x8  start.o [1]
  .rodata              const    0x1fff202c     0x8  start.o [1]
  .rodata              const    0x1fff2034     0x8  start.o [1]
  .rodata              const    0x1fff203c     0x8  start.o [1]
  .rodata              const    0x1fff2044     0x8  start.o [1]
  .rodata              const    0x1fff204c     0x0  bwt_init3c.o [4]
                              - 0x1fff204c  0x1c00

"P2", part 1 of 2:                            0x98
  CodeRelocateRam               0x1fff204c    0x50  <Block>
    CodeRelocateRam-1           0x1fff204c    0x50  <Init block>
      .textrw          inited   0x1fff204c    0x50  mcg.o [1]
  .data                         0x1fff209c    0x48  <Block>
    .data-1                     0x1fff209c    0x48  <Init block>
      .data            inited   0x1fff209c    0x14  gpio.o [1]
      .data            inited   0x1fff20b0    0x14  gpio.o [1]
      .data            inited   0x1fff20c4     0x8  mcg.o [1]
      .data            inited   0x1fff20cc    0x18  uart.o [1]
                              - 0x1fff20e4    0x98

"P2", part 2 of 2:                             0xc
  .bss                          0x1fff20e4     0xc  <Block>
    .bss               zero     0x1fff20e4     0x4  sysinit.o [1]
    .bss               zero     0x1fff20e8     0x4  sysinit.o [1]
    .bss               zero     0x1fff20ec     0x4  sysinit.o [1]
                              - 0x1fff20f0     0xc


*******************************************************************************
*** INIT TABLE
***

          Address     Size
          -------     ----
Zero (__iar_zero_init3)
    1 destination range, total size 0xc:
          0x1fff20e4   0xc



*******************************************************************************
*** MODULE SUMMARY
***

    Module            ro code  rw code  ro data  rw data
    ------            -------  -------  -------  -------
G:\IAR\fire_Kinetis\build\fire_demo\fire_debug\Obj: [1]
    LED.o                 196
    arm_cm4.o              12
    assert.o               32                76
    crt0.o                 60
    delay.o                36
    gpio.o                240                84       40
    io.o                   16
    isr.o                 208                52
    lptmr.o                72
    main.o                 60
    mcg.o                 788       80       88        8
    printf.o            1 372
    start.o             1 312             1 176
    startup.o             192
    stdlib.o               32
    sysinit.o             160                         12
    uart.o                588                68       24
    vectors.o              32             1 088
    wdog.o                 56
    ----------------------------------------------------
    Total:              5 464       80    2 632       84

command line: [2]
    ----------------------------------------------------
    Total:

dl7M_tln.a: [3]
    exit.o                  4
    low_level_init.o        4
    ----------------------------------------------------
    Total:                  8

rt7M_tl.a: [4]
    bwt_init3c.o
    cexit.o                10
    cmain.o                22
    cstartup_M.o           12
    data_init3.o           44
    zero_init3.o           34
    ----------------------------------------------------
    Total:                122

shb_l.a: [5]
    exit.o                 20
    ----------------------------------------------------
    Total:                 20

    Gaps                    4                 2
    Linker created                           16
--------------------------------------------------------
    Grand Total:        5 618       80    2 650       84


*******************************************************************************
*** ENTRY LIST
***

Entry                      Address   Size  Type      Object
-----                      -------   ----  ----      ------
.bss$$Base              0x1fff20e4          --   Gb  - Linker created -
.bss$$Limit             0x1fff20f0          --   Gb  - Linker created -
.data$$Base             0x1fff209c          --   Gb  - Linker created -
.data$$Limit            0x1fff20e4          --   Gb  - Linker created -
.data_init$$Base        0x1fff1a1c          --   Gb  - Linker created -
.data_init$$Limit       0x1fff1a64          --   Gb  - Linker created -
?main                   0x1fff1dfd         Code  Gb  cmain.o [4]
ASSERT_FAILED_STR       0x1fff1988   0x4c  Data  Gb  assert.o [1]
CodeRelocate$$Base      0x1fff1938          --   Gb  - Linker created -
CodeRelocate$$Limit     0x1fff1988          --   Gb  - Linker created -
CodeRelocateRam$$Base   0x1fff204c          --   Gb  - Linker created -
CodeRelocateRam$$Limit  0x1fff209c          --   Gb  - Linker created -
GPIOx                   0x1fff209c   0x14  Data  Gb  gpio.o [1]
HardFault_Handler       0x1fff188d    0xa  Code  Gb  isr.o [1]
LED_init                0x1fff1781   0x34  Code  Gb  LED.o [1]
LED_turn                0x1fff17d3   0x10  Code  Gb  LED.o [1]
PORTA_IRQHandler        0x1fff1899   0x48  Code  Gb  isr.o [1]
PORTB_IRQHandler        0x1fff18e1   0x48  Code  Gb  isr.o [1]
PORTX                   0x1fff20b0   0x14  Data  Gb  gpio.o [1]
PendSV_Handler          0x1fff1897    0x2  Code  Gb  isr.o [1]
Region$$Table$$Base     0x1fff1bf8          --   Gb  - Linker created -
Region$$Table$$Limit    0x1fff1c08          --   Gb  - Linker created -
Reset_Handler           0x1fff0411         Code  Gb  crt0.o [1]
SysTick_Handler         0x1fff188b    0x2  Code  Gb  isr.o [1]
UARTx                   0x1fff20cc   0x18  Data  Gb  uart.o [1]
USART1_IRQHandler       0x1fff1869   0x22  Code  Gb  isr.o [1]
__BOOT_STACK_ADDRESS {Abs}
                        0x2000fff8          --   Gb  command line/config [2]
__VECTOR_RAM {Abs}      0x1fff0000          --   Gb  command line/config [2]
__VECTOR_TABLE {Abs}    0x1fff0000          --   Gb  command line/config [2]
__cmain                 0x1fff1dfd         Code  Gb  cmain.o [4]
__exit                  0x1fff1e29   0x14  Code  Gb  exit.o [5]
__iar_SB                0x1fff204c         Data  Gb  bwt_init3c.o [4]
__iar_data_init3        0x1fff1b59   0x2c  Code  Gb  data_init3.o [4]
__iar_program_start     0x1fff2001         Code  Gb  cstartup_M.o [4]
__iar_zero_init3        0x1fff1bd5   0x22  Code  Gb  zero_init3.o [4]
__low_level_init        0x1fff1e13    0x4  Code  Gb  low_level_init.o [3]
__vector_table          0x1fff0000  0x410  Data  Gb  vectors.o [1]
_call_main              0x1fff1e09         Code  Gb  cmain.o [4]
_exit                   0x1fff1e1d         Code  Gb  cexit.o [4]
_main                   0x1fff1e0f         Code  Gb  cmain.o [4]
assert_failed           0x1fff1761   0x20  Code  Gb  assert.o [1]
bus_clk_khz             0x1fff20ec    0x4  Data  Gb  sysinit.o [1]
common_startup          0x1fff0f21   0xc0  Code  Gb  startup.o [1]
core_clk_khz            0x1fff20e4    0x4  Data  Gb  sysinit.o [1]
core_clk_mhz            0x1fff20e8    0x4  Data  Gb  sysinit.o [1]
cpu_identify            0x1fff0af7  0x20a  Code  Gb  start.o [1]
default_isr             0x1fff1cc9   0x20  Code  Gb  vectors.o [1]
delayms                 0x1fff1845   0x1e  Code  Gb  delay.o [1]
exit                    0x1fff1e17    0x4  Code  Gb  exit.o [3]
fb_clk_init             0x1fff1047   0x16  Code  Gb  sysinit.o [1]
flash_identify          0x1fff0d01   0xbe  Code  Gb  start.o [1]
gpio_init               0x1fff1629   0xb4  Code  Gb  gpio.o [1]
gpio_turn               0x1fff16dd   0x30  Code  Gb  gpio.o [1]
led                     0x1fff17b5   0x1e  Code  Gb  LED.o [1]
main                    0x1fff1081   0x3c  Code  Gb  main.o [1]
mcg_div                 0x1fff20c4    0x8  Data  Gb  mcg.o [1]
out_char                0x1fff1fc1   0x10  Code  Gb  io.o [1]
pll_init                0x1fff10c9  0x314  Code  Gb  mcg.o [1]
printf                  0x1fff097f   0x26  Code  Gb  printf.o [1]
printk                  0x1fff0575  0x40a  Code  Gb  printf.o [1]
printk_mknumstr         0x1fff047f   0xaa  Code  Lc  printf.o [1]
printk_pad_space        0x1fff054f   0x26  Code  Lc  printf.o [1]
printk_pad_zero         0x1fff0529   0x26  Code  Lc  printf.o [1]
printk_putc             0x1fff044d   0x32  Code  Lc  printf.o [1]
set_sys_dividers        0x1fff204d   0x50  Code  Gb  mcg.o [1]
start                   0x1fff09c9  0x12e  Code  Gb  start.o [1]
strlen                  0x1fff09a9   0x20  Code  Gb  stdlib.o [1]
sysinit                 0x1fff0fe1   0x50  Code  Gb  sysinit.o [1]
time_delay_ms           0x1fff1719   0x48  Code  Gb  lptmr.o [1]
trace_clk_init          0x1fff1031   0x16  Code  Gb  sysinit.o [1]
uart_getchar            0x1fff1597   0x1a  Code  Gb  uart.o [1]
uart_init               0x1fff13dd  0x1ba  Code  Gb  uart.o [1]
uart_putchar            0x1fff15b1   0x1a  Code  Gb  uart.o [1]
uart_sendStr            0x1fff15cb   0x1c  Code  Gb  uart.o [1]
water_lights            0x1fff17e3   0x5c  Code  Gb  LED.o [1]
wdog_disable            0x1fff0ee9   0x16  Code  Gb  wdog.o [1]
wdog_unlock             0x1fff0f01   0x16  Code  Gb  wdog.o [1]
write_vtor              0x1fff10bd    0x6  Code  Gb  arm_cm4.o [1]


[1] = G:\IAR\fire_Kinetis\build\fire_demo\fire_debug\Obj
[2] = command line
[3] = dl7M_tln.a
[4] = rt7M_tl.a
[5] = shb_l.a

  5 618 bytes of readonly  code memory
     80 bytes of readwrite code memory
  2 650 bytes of readonly  data memory
     84 bytes of readwrite data memory

Errors: none
Warnings: none
